Analysis & Synthesis report for EV20
Tue May 26 19:31:27 2020
Quartus Prime Version 19.1.0 Build 670 09/22/2019 SJ Lite Edition


---------------------
; Table of Contents ;
---------------------
  1. Legal Notice
  2. Analysis & Synthesis Summary
  3. Analysis & Synthesis Settings
  4. Parallel Compilation
  5. Analysis & Synthesis Source Files Read
  6. Analysis & Synthesis Resource Usage Summary
  7. Analysis & Synthesis Resource Utilization by Entity
  8. Analysis & Synthesis RAM Summary
  9. Analysis & Synthesis IP Cores Summary
 10. General Register Statistics
 11. Source assignments for Program:inst|altsyncram:altsyncram_component|altsyncram_85s3:auto_generated
 12. Parameter Settings for User Entity Instance: PC:inst1|74161:inst
 13. Parameter Settings for User Entity Instance: PC:inst1|74161:inst2
 14. Parameter Settings for User Entity Instance: PC:inst1|74161:inst1
 15. Parameter Settings for User Entity Instance: Program:inst|altsyncram:altsyncram_component
 16. altsyncram Parameter Settings by Entity Instance
 17. Post-Synthesis Netlist Statistics for Top Partition
 18. Elapsed Time Per Partition
 19. Analysis & Synthesis Messages



----------------
; Legal Notice ;
----------------
Copyright (C) 2019  Intel Corporation. All rights reserved.
Your use of Intel Corporation's design tools, logic functions 
and other software and tools, and any partner logic 
functions, and any output files from any of the foregoing 
(including device programming or simulation files), and any 
associated documentation or information are expressly subject 
to the terms and conditions of the Intel Program License 
Subscription Agreement, the Intel Quartus Prime License Agreement,
the Intel FPGA IP License Agreement, or other applicable license
agreement, including, without limitation, that your use is for
the sole purpose of programming logic devices manufactured by
Intel and sold by Intel or its authorized distributors.  Please
refer to the applicable agreement for further details, at
https://fpgasoftware.intel.com/eula.



+----------------------------------------------------------------------------------+
; Analysis & Synthesis Summary                                                     ;
+------------------------------------+---------------------------------------------+
; Analysis & Synthesis Status        ; Successful - Tue May 26 19:31:27 2020       ;
; Quartus Prime Version              ; 19.1.0 Build 670 09/22/2019 SJ Lite Edition ;
; Revision Name                      ; EV20                                        ;
; Top-level Entity Name              ; PC_Mem_tb                                   ;
; Family                             ; Cyclone IV E                                ;
; Total logic elements               ; 17                                          ;
;     Total combinational functions  ; 17                                          ;
;     Dedicated logic registers      ; 12                                          ;
; Total registers                    ; 12                                          ;
; Total pins                         ; 38                                          ;
; Total virtual pins                 ; 0                                           ;
; Total memory bits                  ; 28,672                                      ;
; Embedded Multiplier 9-bit elements ; 0                                           ;
; Total PLLs                         ; 0                                           ;
+------------------------------------+---------------------------------------------+


+------------------------------------------------------------------------------------------------------------+
; Analysis & Synthesis Settings                                                                              ;
+------------------------------------------------------------------+--------------------+--------------------+
; Option                                                           ; Setting            ; Default Value      ;
+------------------------------------------------------------------+--------------------+--------------------+
; Device                                                           ; EP4CE22F17C6       ;                    ;
; Top-level entity name                                            ; PC_Mem_tb          ; EV20               ;
; Family name                                                      ; Cyclone IV E       ; Cyclone V          ;
; Use smart compilation                                            ; Off                ; Off                ;
; Enable parallel Assembler and Timing Analyzer during compilation ; On                 ; On                 ;
; Enable compact report table                                      ; Off                ; Off                ;
; Restructure Multiplexers                                         ; Auto               ; Auto               ;
; Create Debugging Nodes for IP Cores                              ; Off                ; Off                ;
; Preserve fewer node names                                        ; On                 ; On                 ;
; Intel FPGA IP Evaluation Mode                                    ; Enable             ; Enable             ;
; Verilog Version                                                  ; Verilog_2001       ; Verilog_2001       ;
; VHDL Version                                                     ; VHDL_1993          ; VHDL_1993          ;
; State Machine Processing                                         ; Auto               ; Auto               ;
; Safe State Machine                                               ; Off                ; Off                ;
; Extract Verilog State Machines                                   ; On                 ; On                 ;
; Extract VHDL State Machines                                      ; On                 ; On                 ;
; Ignore Verilog initial constructs                                ; Off                ; Off                ;
; Iteration limit for constant Verilog loops                       ; 5000               ; 5000               ;
; Iteration limit for non-constant Verilog loops                   ; 250                ; 250                ;
; Add Pass-Through Logic to Inferred RAMs                          ; On                 ; On                 ;
; Infer RAMs from Raw Logic                                        ; On                 ; On                 ;
; Parallel Synthesis                                               ; On                 ; On                 ;
; DSP Block Balancing                                              ; Auto               ; Auto               ;
; NOT Gate Push-Back                                               ; On                 ; On                 ;
; Power-Up Don't Care                                              ; On                 ; On                 ;
; Remove Redundant Logic Cells                                     ; Off                ; Off                ;
; Remove Duplicate Registers                                       ; On                 ; On                 ;
; Ignore CARRY Buffers                                             ; Off                ; Off                ;
; Ignore CASCADE Buffers                                           ; Off                ; Off                ;
; Ignore GLOBAL Buffers                                            ; Off                ; Off                ;
; Ignore ROW GLOBAL Buffers                                        ; Off                ; Off                ;
; Ignore LCELL Buffers                                             ; Off                ; Off                ;
; Ignore SOFT Buffers                                              ; On                 ; On                 ;
; Limit AHDL Integers to 32 Bits                                   ; Off                ; Off                ;
; Optimization Technique                                           ; Balanced           ; Balanced           ;
; Carry Chain Length                                               ; 70                 ; 70                 ;
; Auto Carry Chains                                                ; On                 ; On                 ;
; Auto Open-Drain Pins                                             ; On                 ; On                 ;
; Perform WYSIWYG Primitive Resynthesis                            ; Off                ; Off                ;
; Auto ROM Replacement                                             ; On                 ; On                 ;
; Auto RAM Replacement                                             ; On                 ; On                 ;
; Auto DSP Block Replacement                                       ; On                 ; On                 ;
; Auto Shift Register Replacement                                  ; Auto               ; Auto               ;
; Allow Shift Register Merging across Hierarchies                  ; Auto               ; Auto               ;
; Auto Clock Enable Replacement                                    ; On                 ; On                 ;
; Strict RAM Replacement                                           ; Off                ; Off                ;
; Allow Synchronous Control Signals                                ; On                 ; On                 ;
; Force Use of Synchronous Clear Signals                           ; Off                ; Off                ;
; Auto RAM Block Balancing                                         ; On                 ; On                 ;
; Auto RAM to Logic Cell Conversion                                ; Off                ; Off                ;
; Auto Resource Sharing                                            ; Off                ; Off                ;
; Allow Any RAM Size For Recognition                               ; Off                ; Off                ;
; Allow Any ROM Size For Recognition                               ; Off                ; Off                ;
; Allow Any Shift Register Size For Recognition                    ; Off                ; Off                ;
; Use LogicLock Constraints during Resource Balancing              ; On                 ; On                 ;
; Ignore translate_off and synthesis_off directives                ; Off                ; Off                ;
; Timing-Driven Synthesis                                          ; On                 ; On                 ;
; Report Parameter Settings                                        ; On                 ; On                 ;
; Report Source Assignments                                        ; On                 ; On                 ;
; Report Connectivity Checks                                       ; On                 ; On                 ;
; Ignore Maximum Fan-Out Assignments                               ; Off                ; Off                ;
; Synchronization Register Chain Length                            ; 2                  ; 2                  ;
; Power Optimization During Synthesis                              ; Normal compilation ; Normal compilation ;
; HDL message level                                                ; Level2             ; Level2             ;
; Suppress Register Optimization Related Messages                  ; Off                ; Off                ;
; Number of Removed Registers Reported in Synthesis Report         ; 5000               ; 5000               ;
; Number of Swept Nodes Reported in Synthesis Report               ; 5000               ; 5000               ;
; Number of Inverted Registers Reported in Synthesis Report        ; 100                ; 100                ;
; Clock MUX Protection                                             ; On                 ; On                 ;
; Auto Gated Clock Conversion                                      ; Off                ; Off                ;
; Block Design Naming                                              ; Auto               ; Auto               ;
; SDC constraint protection                                        ; Off                ; Off                ;
; Synthesis Effort                                                 ; Auto               ; Auto               ;
; Shift Register Replacement - Allow Asynchronous Clear Signal     ; On                 ; On                 ;
; Pre-Mapping Resynthesis Optimization                             ; Off                ; Off                ;
; Analysis & Synthesis Message Level                               ; Medium             ; Medium             ;
; Disable Register Merging Across Hierarchies                      ; Auto               ; Auto               ;
; Resource Aware Inference For Block RAM                           ; On                 ; On                 ;
+------------------------------------------------------------------+--------------------+--------------------+


+------------------------------------------+
; Parallel Compilation                     ;
+----------------------------+-------------+
; Processors                 ; Number      ;
+----------------------------+-------------+
; Number detected on machine ; 4           ;
; Maximum allowed            ; 2           ;
;                            ;             ;
; Average used               ; 1.00        ;
; Maximum used               ; 2           ;
;                            ;             ;
; Usage by Processor         ; % Time Used ;
;     Processor 1            ; 100.0%      ;
;     Processor 2            ;   0.0%      ;
+----------------------------+-------------+


+--------------------------------------------------------------------------------------------------------------------------------------------------------------------------------------+
; Analysis & Synthesis Source Files Read                                                                                                                                               ;
+----------------------------------+-----------------+----------------------------------------+------------------------------------------------------------------------------+---------+
; File Name with User-Entered Path ; Used in Netlist ; File Type                              ; File Name with Absolute Path                                                 ; Library ;
+----------------------------------+-----------------+----------------------------------------+------------------------------------------------------------------------------+---------+
; PC_Mem_tb.bdf                    ; yes             ; User Block Diagram/Schematic File      ; C:/e5-tp2/EV - 20/PC_Mem_tb.bdf                                              ;         ;
; PC.bdf                           ; yes             ; User Block Diagram/Schematic File      ; C:/e5-tp2/EV - 20/PC.bdf                                                     ;         ;
; Program.vhd                      ; yes             ; User Wizard-Generated File             ; C:/e5-tp2/EV - 20/Program.vhd                                                ;         ;
; 74161.tdf                        ; yes             ; Megafunction                           ; c:/intelfpga_lite/19.1/quartus/libraries/others/maxplus2/74161.tdf           ;         ;
; aglobal.inc                      ; yes             ; Megafunction                           ; c:/intelfpga_lite/19.1/quartus/libraries/megafunctions/aglobal.inc           ;         ;
; f74161.bdf                       ; yes             ; Megafunction                           ; c:/intelfpga_lite/19.1/quartus/libraries/others/maxplus2/f74161.bdf          ;         ;
; 7404.bdf                         ; yes             ; Megafunction                           ; c:/intelfpga_lite/19.1/quartus/libraries/others/maxplus2/7404.bdf            ;         ;
; 7408.bdf                         ; yes             ; Megafunction                           ; c:/intelfpga_lite/19.1/quartus/libraries/others/maxplus2/7408.bdf            ;         ;
; altsyncram.tdf                   ; yes             ; Megafunction                           ; c:/intelfpga_lite/19.1/quartus/libraries/megafunctions/altsyncram.tdf        ;         ;
; stratix_ram_block.inc            ; yes             ; Megafunction                           ; c:/intelfpga_lite/19.1/quartus/libraries/megafunctions/stratix_ram_block.inc ;         ;
; lpm_mux.inc                      ; yes             ; Megafunction                           ; c:/intelfpga_lite/19.1/quartus/libraries/megafunctions/lpm_mux.inc           ;         ;
; lpm_decode.inc                   ; yes             ; Megafunction                           ; c:/intelfpga_lite/19.1/quartus/libraries/megafunctions/lpm_decode.inc        ;         ;
; aglobal191.inc                   ; yes             ; Megafunction                           ; c:/intelfpga_lite/19.1/quartus/libraries/megafunctions/aglobal191.inc        ;         ;
; a_rdenreg.inc                    ; yes             ; Megafunction                           ; c:/intelfpga_lite/19.1/quartus/libraries/megafunctions/a_rdenreg.inc         ;         ;
; altrom.inc                       ; yes             ; Megafunction                           ; c:/intelfpga_lite/19.1/quartus/libraries/megafunctions/altrom.inc            ;         ;
; altram.inc                       ; yes             ; Megafunction                           ; c:/intelfpga_lite/19.1/quartus/libraries/megafunctions/altram.inc            ;         ;
; altdpram.inc                     ; yes             ; Megafunction                           ; c:/intelfpga_lite/19.1/quartus/libraries/megafunctions/altdpram.inc          ;         ;
; db/altsyncram_85s3.tdf           ; yes             ; Auto-Generated Megafunction            ; C:/e5-tp2/EV - 20/db/altsyncram_85s3.tdf                                     ;         ;
; program.mif                      ; yes             ; Auto-Found Memory Initialization File  ; C:/e5-tp2/EV - 20/program.mif                                                ;         ;
+----------------------------------+-----------------+----------------------------------------+------------------------------------------------------------------------------+---------+


+-------------------------------------------------------------+
; Analysis & Synthesis Resource Usage Summary                 ;
+---------------------------------------------+---------------+
; Resource                                    ; Usage         ;
+---------------------------------------------+---------------+
; Estimated Total logic elements              ; 17            ;
;                                             ;               ;
; Total combinational functions               ; 17            ;
; Logic element usage by number of LUT inputs ;               ;
;     -- 4 input functions                    ; 9             ;
;     -- 3 input functions                    ; 4             ;
;     -- <=2 input functions                  ; 4             ;
;                                             ;               ;
; Logic elements by mode                      ;               ;
;     -- normal mode                          ; 17            ;
;     -- arithmetic mode                      ; 0             ;
;                                             ;               ;
; Total registers                             ; 12            ;
;     -- Dedicated logic registers            ; 12            ;
;     -- I/O registers                        ; 0             ;
;                                             ;               ;
; I/O pins                                    ; 38            ;
; Total memory bits                           ; 28672         ;
;                                             ;               ;
; Embedded Multiplier 9-bit elements          ; 0             ;
;                                             ;               ;
; Maximum fan-out node                        ; CLK_MTB~input ;
; Maximum fan-out                             ; 26            ;
; Total fan-out                               ; 346           ;
; Average fan-out                             ; 2.91          ;
+---------------------------------------------+---------------+


+------------------------------------------------------------------------------------------------------------------------------------------------------------------------------------------------------------------------------------------------------------------------------------------------+
; Analysis & Synthesis Resource Utilization by Entity                                                                                                                                                                                                                                            ;
+-------------------------------------------+---------------------+---------------------------+-------------+--------------+---------+-----------+------+--------------+----------------------------------------------------------------------------------------+-----------------+--------------+
; Compilation Hierarchy Node                ; Combinational ALUTs ; Dedicated Logic Registers ; Memory Bits ; DSP Elements ; DSP 9x9 ; DSP 18x18 ; Pins ; Virtual Pins ; Full Hierarchy Name                                                                    ; Entity Name     ; Library Name ;
+-------------------------------------------+---------------------+---------------------------+-------------+--------------+---------+-----------+------+--------------+----------------------------------------------------------------------------------------+-----------------+--------------+
; |PC_Mem_tb                                ; 17 (0)              ; 12 (0)                    ; 28672       ; 0            ; 0       ; 0         ; 38   ; 0            ; |PC_Mem_tb                                                                             ; PC_Mem_tb       ; work         ;
;    |PC:inst1|                             ; 17 (0)              ; 12 (0)                    ; 0           ; 0            ; 0       ; 0         ; 0    ; 0            ; |PC_Mem_tb|PC:inst1                                                                    ; PC              ; work         ;
;       |7408:inst11|                       ; 1 (1)               ; 0 (0)                     ; 0           ; 0            ; 0       ; 0         ; 0    ; 0            ; |PC_Mem_tb|PC:inst1|7408:inst11                                                        ; 7408            ; work         ;
;       |74161:inst1|                       ; 4 (0)               ; 4 (0)                     ; 0           ; 0            ; 0       ; 0         ; 0    ; 0            ; |PC_Mem_tb|PC:inst1|74161:inst1                                                        ; 74161           ; work         ;
;          |f74161:sub|                     ; 4 (4)               ; 4 (4)                     ; 0           ; 0            ; 0       ; 0         ; 0    ; 0            ; |PC_Mem_tb|PC:inst1|74161:inst1|f74161:sub                                             ; f74161          ; work         ;
;       |74161:inst2|                       ; 7 (0)               ; 4 (0)                     ; 0           ; 0            ; 0       ; 0         ; 0    ; 0            ; |PC_Mem_tb|PC:inst1|74161:inst2                                                        ; 74161           ; work         ;
;          |f74161:sub|                     ; 7 (7)               ; 4 (4)                     ; 0           ; 0            ; 0       ; 0         ; 0    ; 0            ; |PC_Mem_tb|PC:inst1|74161:inst2|f74161:sub                                             ; f74161          ; work         ;
;       |74161:inst|                        ; 5 (0)               ; 4 (0)                     ; 0           ; 0            ; 0       ; 0         ; 0    ; 0            ; |PC_Mem_tb|PC:inst1|74161:inst                                                         ; 74161           ; work         ;
;          |f74161:sub|                     ; 5 (5)               ; 4 (4)                     ; 0           ; 0            ; 0       ; 0         ; 0    ; 0            ; |PC_Mem_tb|PC:inst1|74161:inst|f74161:sub                                              ; f74161          ; work         ;
;    |Program:inst|                         ; 0 (0)               ; 0 (0)                     ; 28672       ; 0            ; 0       ; 0         ; 0    ; 0            ; |PC_Mem_tb|Program:inst                                                                ; Program         ; work         ;
;       |altsyncram:altsyncram_component|   ; 0 (0)               ; 0 (0)                     ; 28672       ; 0            ; 0       ; 0         ; 0    ; 0            ; |PC_Mem_tb|Program:inst|altsyncram:altsyncram_component                                ; altsyncram      ; work         ;
;          |altsyncram_85s3:auto_generated| ; 0 (0)               ; 0 (0)                     ; 28672       ; 0            ; 0       ; 0         ; 0    ; 0            ; |PC_Mem_tb|Program:inst|altsyncram:altsyncram_component|altsyncram_85s3:auto_generated ; altsyncram_85s3 ; work         ;
+-------------------------------------------+---------------------+---------------------------+-------------+--------------+---------+-----------+------+--------------+----------------------------------------------------------------------------------------+-----------------+--------------+
Note: For table entries with two numbers listed, the numbers in parentheses indicate the number of resources of the given type used by the specific entity alone. The numbers listed outside of parentheses indicate the total resources of the given type used by the specific entity and all of its sub-entities in the hierarchy.


+----------------------------------------------------------------------------------------------------------------------------------------------------------------------------------------+
; Analysis & Synthesis RAM Summary                                                                                                                                                       ;
+----------------------------------------------------------------------------------------+------+------+--------------+--------------+--------------+--------------+-------+-------------+
; Name                                                                                   ; Type ; Mode ; Port A Depth ; Port A Width ; Port B Depth ; Port B Width ; Size  ; MIF         ;
+----------------------------------------------------------------------------------------+------+------+--------------+--------------+--------------+--------------+-------+-------------+
; Program:inst|altsyncram:altsyncram_component|altsyncram_85s3:auto_generated|ALTSYNCRAM ; AUTO ; ROM  ; 2048         ; 14           ; --           ; --           ; 28672 ; Program.mif ;
+----------------------------------------------------------------------------------------+------+------+--------------+--------------+--------------+--------------+-------+-------------+


+-----------------------------------------------------------------------------------------------------------+
; Analysis & Synthesis IP Cores Summary                                                                     ;
+--------+--------------+---------+--------------+--------------+-------------------------+-----------------+
; Vendor ; IP Core Name ; Version ; Release Date ; License Type ; Entity Instance         ; IP Include File ;
+--------+--------------+---------+--------------+--------------+-------------------------+-----------------+
; Altera ; ROM: 1-PORT  ; 19.1    ; N/A          ; N/A          ; |PC_Mem_tb|Program:inst ; Program.vhd     ;
+--------+--------------+---------+--------------+--------------+-------------------------+-----------------+


+------------------------------------------------------+
; General Register Statistics                          ;
+----------------------------------------------+-------+
; Statistic                                    ; Value ;
+----------------------------------------------+-------+
; Total registers                              ; 12    ;
; Number of registers using Synchronous Clear  ; 1     ;
; Number of registers using Synchronous Load   ; 11    ;
; Number of registers using Asynchronous Clear ; 12    ;
; Number of registers using Asynchronous Load  ; 0     ;
; Number of registers using Clock Enable       ; 0     ;
; Number of registers using Preset             ; 0     ;
+----------------------------------------------+-------+


+----------------------------------------------------------------------------------------------------+
; Source assignments for Program:inst|altsyncram:altsyncram_component|altsyncram_85s3:auto_generated ;
+---------------------------------+--------------------+------+--------------------------------------+
; Assignment                      ; Value              ; From ; To                                   ;
+---------------------------------+--------------------+------+--------------------------------------+
; OPTIMIZE_POWER_DURING_SYNTHESIS ; NORMAL_COMPILATION ; -    ; -                                    ;
+---------------------------------+--------------------+------+--------------------------------------+


+------------------------------------------------------------------+
; Parameter Settings for User Entity Instance: PC:inst1|74161:inst ;
+------------------------+--------------+--------------------------+
; Parameter Name         ; Value        ; Type                     ;
+------------------------+--------------+--------------------------+
; DEVICE_FAMILY          ; Cyclone IV E ; Untyped                  ;
; AUTO_CARRY_CHAINS      ; ON           ; AUTO_CARRY               ;
; IGNORE_CARRY_BUFFERS   ; OFF          ; IGNORE_CARRY             ;
; AUTO_CASCADE_CHAINS    ; ON           ; AUTO_CASCADE             ;
; IGNORE_CASCADE_BUFFERS ; OFF          ; IGNORE_CASCADE           ;
+------------------------+--------------+--------------------------+
Note: In order to hide this table in the UI and the text report file, please set the "Show Parameter Settings in Synthesis Report" option in "Analysis and Synthesis Settings -> More Settings" to "Off".


+-------------------------------------------------------------------+
; Parameter Settings for User Entity Instance: PC:inst1|74161:inst2 ;
+------------------------+--------------+---------------------------+
; Parameter Name         ; Value        ; Type                      ;
+------------------------+--------------+---------------------------+
; DEVICE_FAMILY          ; Cyclone IV E ; Untyped                   ;
; AUTO_CARRY_CHAINS      ; ON           ; AUTO_CARRY                ;
; IGNORE_CARRY_BUFFERS   ; OFF          ; IGNORE_CARRY              ;
; AUTO_CASCADE_CHAINS    ; ON           ; AUTO_CASCADE              ;
; IGNORE_CASCADE_BUFFERS ; OFF          ; IGNORE_CASCADE            ;
+------------------------+--------------+---------------------------+
Note: In order to hide this table in the UI and the text report file, please set the "Show Parameter Settings in Synthesis Report" option in "Analysis and Synthesis Settings -> More Settings" to "Off".


+-------------------------------------------------------------------+
; Parameter Settings for User Entity Instance: PC:inst1|74161:inst1 ;
+------------------------+--------------+---------------------------+
; Parameter Name         ; Value        ; Type                      ;
+------------------------+--------------+---------------------------+
; DEVICE_FAMILY          ; Cyclone IV E ; Untyped                   ;
; AUTO_CARRY_CHAINS      ; ON           ; AUTO_CARRY                ;
; IGNORE_CARRY_BUFFERS   ; OFF          ; IGNORE_CARRY              ;
; AUTO_CASCADE_CHAINS    ; ON           ; AUTO_CASCADE              ;
; IGNORE_CASCADE_BUFFERS ; OFF          ; IGNORE_CASCADE            ;
+------------------------+--------------+---------------------------+
Note: In order to hide this table in the UI and the text report file, please set the "Show Parameter Settings in Synthesis Report" option in "Analysis and Synthesis Settings -> More Settings" to "Off".


+-------------------------------------------------------------------------------------------+
; Parameter Settings for User Entity Instance: Program:inst|altsyncram:altsyncram_component ;
+------------------------------------+----------------------+-------------------------------+
; Parameter Name                     ; Value                ; Type                          ;
+------------------------------------+----------------------+-------------------------------+
; BYTE_SIZE_BLOCK                    ; 8                    ; Untyped                       ;
; AUTO_CARRY_CHAINS                  ; ON                   ; AUTO_CARRY                    ;
; IGNORE_CARRY_BUFFERS               ; OFF                  ; IGNORE_CARRY                  ;
; AUTO_CASCADE_CHAINS                ; ON                   ; AUTO_CASCADE                  ;
; IGNORE_CASCADE_BUFFERS             ; OFF                  ; IGNORE_CASCADE                ;
; WIDTH_BYTEENA                      ; 1                    ; Untyped                       ;
; OPERATION_MODE                     ; ROM                  ; Untyped                       ;
; WIDTH_A                            ; 14                   ; Signed Integer                ;
; WIDTHAD_A                          ; 11                   ; Signed Integer                ;
; NUMWORDS_A                         ; 2048                 ; Signed Integer                ;
; OUTDATA_REG_A                      ; UNREGISTERED         ; Untyped                       ;
; ADDRESS_ACLR_A                     ; NONE                 ; Untyped                       ;
; OUTDATA_ACLR_A                     ; NONE                 ; Untyped                       ;
; WRCONTROL_ACLR_A                   ; NONE                 ; Untyped                       ;
; INDATA_ACLR_A                      ; NONE                 ; Untyped                       ;
; BYTEENA_ACLR_A                     ; NONE                 ; Untyped                       ;
; WIDTH_B                            ; 1                    ; Signed Integer                ;
; WIDTHAD_B                          ; 1                    ; Signed Integer                ;
; NUMWORDS_B                         ; 0                    ; Signed Integer                ;
; INDATA_REG_B                       ; CLOCK1               ; Untyped                       ;
; WRCONTROL_WRADDRESS_REG_B          ; CLOCK1               ; Untyped                       ;
; RDCONTROL_REG_B                    ; CLOCK1               ; Untyped                       ;
; ADDRESS_REG_B                      ; CLOCK1               ; Untyped                       ;
; OUTDATA_REG_B                      ; UNREGISTERED         ; Untyped                       ;
; BYTEENA_REG_B                      ; CLOCK1               ; Untyped                       ;
; INDATA_ACLR_B                      ; NONE                 ; Untyped                       ;
; WRCONTROL_ACLR_B                   ; NONE                 ; Untyped                       ;
; ADDRESS_ACLR_B                     ; NONE                 ; Untyped                       ;
; OUTDATA_ACLR_B                     ; NONE                 ; Untyped                       ;
; RDCONTROL_ACLR_B                   ; NONE                 ; Untyped                       ;
; BYTEENA_ACLR_B                     ; NONE                 ; Untyped                       ;
; WIDTH_BYTEENA_A                    ; 1                    ; Signed Integer                ;
; WIDTH_BYTEENA_B                    ; 1                    ; Signed Integer                ;
; RAM_BLOCK_TYPE                     ; AUTO                 ; Untyped                       ;
; BYTE_SIZE                          ; 8                    ; Signed Integer                ;
; READ_DURING_WRITE_MODE_MIXED_PORTS ; DONT_CARE            ; Untyped                       ;
; READ_DURING_WRITE_MODE_PORT_A      ; NEW_DATA_NO_NBE_READ ; Untyped                       ;
; READ_DURING_WRITE_MODE_PORT_B      ; NEW_DATA_NO_NBE_READ ; Untyped                       ;
; INIT_FILE                          ; Program.mif          ; Untyped                       ;
; INIT_FILE_LAYOUT                   ; PORT_A               ; Untyped                       ;
; MAXIMUM_DEPTH                      ; 0                    ; Signed Integer                ;
; CLOCK_ENABLE_INPUT_A               ; BYPASS               ; Untyped                       ;
; CLOCK_ENABLE_INPUT_B               ; NORMAL               ; Untyped                       ;
; CLOCK_ENABLE_OUTPUT_A              ; BYPASS               ; Untyped                       ;
; CLOCK_ENABLE_OUTPUT_B              ; NORMAL               ; Untyped                       ;
; CLOCK_ENABLE_CORE_A                ; USE_INPUT_CLKEN      ; Untyped                       ;
; CLOCK_ENABLE_CORE_B                ; USE_INPUT_CLKEN      ; Untyped                       ;
; ENABLE_ECC                         ; FALSE                ; Untyped                       ;
; ECC_PIPELINE_STAGE_ENABLED         ; FALSE                ; Untyped                       ;
; WIDTH_ECCSTATUS                    ; 3                    ; Signed Integer                ;
; DEVICE_FAMILY                      ; Cyclone IV E         ; Untyped                       ;
; CBXI_PARAMETER                     ; altsyncram_85s3      ; Untyped                       ;
+------------------------------------+----------------------+-------------------------------+
Note: In order to hide this table in the UI and the text report file, please set the "Show Parameter Settings in Synthesis Report" option in "Analysis and Synthesis Settings -> More Settings" to "Off".


+------------------------------------------------------------------------------------------+
; altsyncram Parameter Settings by Entity Instance                                         ;
+-------------------------------------------+----------------------------------------------+
; Name                                      ; Value                                        ;
+-------------------------------------------+----------------------------------------------+
; Number of entity instances                ; 1                                            ;
; Entity Instance                           ; Program:inst|altsyncram:altsyncram_component ;
;     -- OPERATION_MODE                     ; ROM                                          ;
;     -- WIDTH_A                            ; 14                                           ;
;     -- NUMWORDS_A                         ; 2048                                         ;
;     -- OUTDATA_REG_A                      ; UNREGISTERED                                 ;
;     -- WIDTH_B                            ; 1                                            ;
;     -- NUMWORDS_B                         ; 0                                            ;
;     -- ADDRESS_REG_B                      ; CLOCK1                                       ;
;     -- OUTDATA_REG_B                      ; UNREGISTERED                                 ;
;     -- RAM_BLOCK_TYPE                     ; AUTO                                         ;
;     -- READ_DURING_WRITE_MODE_MIXED_PORTS ; DONT_CARE                                    ;
+-------------------------------------------+----------------------------------------------+


+-----------------------------------------------------+
; Post-Synthesis Netlist Statistics for Top Partition ;
+-----------------------+-----------------------------+
; Type                  ; Count                       ;
+-----------------------+-----------------------------+
; boundary_port         ; 38                          ;
; cycloneiii_ff         ; 12                          ;
;     CLR SCLR          ; 1                           ;
;     CLR SLD           ; 11                          ;
; cycloneiii_lcell_comb ; 17                          ;
;     normal            ; 17                          ;
;         2 data inputs ; 4                           ;
;         3 data inputs ; 4                           ;
;         4 data inputs ; 9                           ;
; cycloneiii_ram_block  ; 14                          ;
;                       ;                             ;
; Max LUT depth         ; 3.00                        ;
; Average LUT depth     ; 1.30                        ;
+-----------------------+-----------------------------+


+-------------------------------+
; Elapsed Time Per Partition    ;
+----------------+--------------+
; Partition Name ; Elapsed Time ;
+----------------+--------------+
; Top            ; 00:00:00     ;
+----------------+--------------+


+-------------------------------+
; Analysis & Synthesis Messages ;
+-------------------------------+
Info: *******************************************************************
Info: Running Quartus Prime Analysis & Synthesis
    Info: Version 19.1.0 Build 670 09/22/2019 SJ Lite Edition
    Info: Processing started: Tue May 26 19:31:13 2020
Info: Command: quartus_map --read_settings_files=on --write_settings_files=off EV20 -c EV20
Warning (18236): Number of processors has not been specified which may cause overloading on shared machines.  Set the global assignment NUM_PARALLEL_PROCESSORS in your QSF to an appropriate value for best performance.
Info (20030): Parallel compilation is enabled and will use 2 of the 2 processors detected
Info (12021): Found 1 design units, including 1 entities, in source file pc_mem_tb.bdf
    Info (12023): Found entity 1: PC_Mem_tb
Info (12021): Found 1 design units, including 1 entities, in source file pc.bdf
    Info (12023): Found entity 1: PC
Info (12021): Found 2 design units, including 1 entities, in source file uc2.vhd
    Info (12022): Found design unit 1: uc2-behaviour File: C:/e5-tp2/EV - 20/uc2.vhd Line: 21
    Info (12023): Found entity 1: uc2 File: C:/e5-tp2/EV - 20/uc2.vhd Line: 5
Info (12021): Found 2 design units, including 1 entities, in source file uc1.vhd
    Info (12022): Found design unit 1: uc1-behaviour File: C:/e5-tp2/EV - 20/uc1.vhd Line: 21
    Info (12023): Found entity 1: uc1 File: C:/e5-tp2/EV - 20/uc1.vhd Line: 5
Info (12021): Found 2 design units, including 1 entities, in source file ui3.vhd
    Info (12022): Found design unit 1: uI3-behaviour File: C:/e5-tp2/EV - 20/uI3.vhd Line: 16
    Info (12023): Found entity 1: uI3 File: C:/e5-tp2/EV - 20/uI3.vhd Line: 5
Info (12021): Found 2 design units, including 1 entities, in source file ui2.vhd
    Info (12022): Found design unit 1: uI2-behaviour File: C:/e5-tp2/EV - 20/uI2.vhd Line: 20
    Info (12023): Found entity 1: uI2 File: C:/e5-tp2/EV - 20/uI2.vhd Line: 5
Info (12021): Found 2 design units, including 1 entities, in source file ui1.vhd
    Info (12022): Found design unit 1: uI1-behaviour File: C:/e5-tp2/EV - 20/uI1.vhd Line: 24
    Info (12023): Found entity 1: uI1 File: C:/e5-tp2/EV - 20/uI1.vhd Line: 5
Info (12021): Found 2 design units, including 1 entities, in source file pcreg.vhd
    Info (12022): Found design unit 1: PCReg-behaviour File: C:/e5-tp2/EV - 20/PCReg.vhd Line: 16
    Info (12023): Found entity 1: PCReg File: C:/e5-tp2/EV - 20/PCReg.vhd Line: 5
Info (12021): Found 2 design units, including 1 entities, in source file instrreg.vhd
    Info (12022): Found design unit 1: InstrReg-behaviour File: C:/e5-tp2/EV - 20/InstrReg.vhd Line: 15
    Info (12023): Found entity 1: InstrReg File: C:/e5-tp2/EV - 20/InstrReg.vhd Line: 5
Info (12021): Found 2 design units, including 1 entities, in source file shifter.vhd
    Info (12022): Found design unit 1: shifter-behaviour File: C:/e5-tp2/EV - 20/Shifter.vhd Line: 15
    Info (12023): Found entity 1: shifter File: C:/e5-tp2/EV - 20/Shifter.vhd Line: 5
Info (12021): Found 2 design units, including 1 entities, in source file registerbank.vhd
    Info (12022): Found design unit 1: RegisterBank-behaviour File: C:/e5-tp2/EV - 20/RegisterBank.vhd Line: 23
    Info (12023): Found entity 1: RegisterBank File: C:/e5-tp2/EV - 20/RegisterBank.vhd Line: 6
Info (12021): Found 2 design units, including 1 entities, in source file preloadpc.vhd
    Info (12022): Found design unit 1: preLoadPC-behaviour File: C:/e5-tp2/EV - 20/preLoadPC.vhd Line: 17
    Info (12023): Found entity 1: preLoadPC File: C:/e5-tp2/EV - 20/preLoadPC.vhd Line: 6
Info (12021): Found 2 design units, including 1 entities, in source file latch16.vhd
    Info (12022): Found design unit 1: Latch16-behaviour File: C:/e5-tp2/EV - 20/latch16.vhd Line: 14
    Info (12023): Found entity 1: Latch16 File: C:/e5-tp2/EV - 20/latch16.vhd Line: 5
Info (12021): Found 2 design units, including 1 entities, in source file kmux.vhd
    Info (12022): Found design unit 1: KMux-behaviour File: C:/e5-tp2/EV - 20/KMux.vhd Line: 17
    Info (12023): Found entity 1: KMux File: C:/e5-tp2/EV - 20/KMux.vhd Line: 6
Info (12021): Found 2 design units, including 1 entities, in source file alu.vhd
    Info (12022): Found design unit 1: ALU-behaviour File: C:/e5-tp2/EV - 20/ALU.vhd Line: 19
    Info (12023): Found entity 1: ALU File: C:/e5-tp2/EV - 20/ALU.vhd Line: 6
Info (12021): Found 1 design units, including 1 entities, in source file ev20.bdf
    Info (12023): Found entity 1: EV20
Info (12021): Found 1 design units, including 1 entities, in source file latchalushift.bdf
    Info (12023): Found entity 1: LatchAluShift
Info (12021): Found 2 design units, including 1 entities, in source file uirom.vhd
    Info (12022): Found design unit 1: uirom-SYN File: C:/e5-tp2/EV - 20/uIROM.vhd Line: 53
    Info (12023): Found entity 1: uIROM File: C:/e5-tp2/EV - 20/uIROM.vhd Line: 43
Info (12021): Found 2 design units, including 1 entities, in source file program.vhd
    Info (12022): Found design unit 1: program-SYN File: C:/e5-tp2/EV - 20/Program.vhd Line: 53
    Info (12023): Found entity 1: Program File: C:/e5-tp2/EV - 20/Program.vhd Line: 43
Info (12021): Found 2 design units, including 1 entities, in source file data.vhd
    Info (12022): Found design unit 1: data-SYN File: C:/e5-tp2/EV - 20/Data.vhd Line: 55
    Info (12023): Found entity 1: Data File: C:/e5-tp2/EV - 20/Data.vhd Line: 43
Info (12021): Found 1 design units, including 1 entities, in source file uihandler.bdf
    Info (12023): Found entity 1: uIHandler
Info (12021): Found 2 design units, including 1 entities, in source file latchk.vhd
    Info (12022): Found design unit 1: LatchK-behaviour File: C:/e5-tp2/EV - 20/LatchK.vhd Line: 15
    Info (12023): Found entity 1: LatchK File: C:/e5-tp2/EV - 20/LatchK.vhd Line: 5
Info (12127): Elaborating entity "PC_Mem_tb" for the top level hierarchy
Info (12128): Elaborating entity "PC" for hierarchy "PC:inst1"
Info (12128): Elaborating entity "74161" for hierarchy "PC:inst1|74161:inst"
Info (12130): Elaborated megafunction instantiation "PC:inst1|74161:inst"
Info (12128): Elaborating entity "f74161" for hierarchy "PC:inst1|74161:inst|f74161:sub" File: c:/intelfpga_lite/19.1/quartus/libraries/others/maxplus2/74161.tdf Line: 33
Info (12131): Elaborated megafunction instantiation "PC:inst1|74161:inst|f74161:sub", which is child of megafunction instantiation "PC:inst1|74161:inst" File: c:/intelfpga_lite/19.1/quartus/libraries/others/maxplus2/74161.tdf Line: 33
Info (12128): Elaborating entity "7404" for hierarchy "PC:inst1|7404:inst4"
Info (12130): Elaborated megafunction instantiation "PC:inst1|7404:inst4"
Info (12128): Elaborating entity "74161" for hierarchy "PC:inst1|74161:inst2"
Info (12130): Elaborated megafunction instantiation "PC:inst1|74161:inst2"
Info (12128): Elaborating entity "7408" for hierarchy "PC:inst1|7408:inst8"
Info (12130): Elaborated megafunction instantiation "PC:inst1|7408:inst8"
Info (12128): Elaborating entity "Program" for hierarchy "Program:inst"
Info (12128): Elaborating entity "altsyncram" for hierarchy "Program:inst|altsyncram:altsyncram_component" File: C:/e5-tp2/EV - 20/Program.vhd Line: 60
Info (12130): Elaborated megafunction instantiation "Program:inst|altsyncram:altsyncram_component" File: C:/e5-tp2/EV - 20/Program.vhd Line: 60
Info (12133): Instantiated megafunction "Program:inst|altsyncram:altsyncram_component" with the following parameter: File: C:/e5-tp2/EV - 20/Program.vhd Line: 60
    Info (12134): Parameter "address_aclr_a" = "NONE"
    Info (12134): Parameter "address_aclr_b" = "NONE"
    Info (12134): Parameter "address_reg_b" = "CLOCK1"
    Info (12134): Parameter "byte_size" = "8"
    Info (12134): Parameter "byteena_aclr_a" = "UNUSED"
    Info (12134): Parameter "byteena_aclr_b" = "NONE"
    Info (12134): Parameter "byteena_reg_b" = "CLOCK1"
    Info (12134): Parameter "clock_enable_core_a" = "USE_INPUT_CLKEN"
    Info (12134): Parameter "clock_enable_core_b" = "USE_INPUT_CLKEN"
    Info (12134): Parameter "clock_enable_input_a" = "BYPASS"
    Info (12134): Parameter "clock_enable_input_b" = "NORMAL"
    Info (12134): Parameter "clock_enable_output_a" = "BYPASS"
    Info (12134): Parameter "clock_enable_output_b" = "NORMAL"
    Info (12134): Parameter "intended_device_family" = "Cyclone IV E"
    Info (12134): Parameter "ecc_pipeline_stage_enabled" = "FALSE"
    Info (12134): Parameter "enable_ecc" = "FALSE"
    Info (12134): Parameter "implement_in_les" = "OFF"
    Info (12134): Parameter "indata_aclr_a" = "UNUSED"
    Info (12134): Parameter "indata_aclr_b" = "NONE"
    Info (12134): Parameter "indata_reg_b" = "CLOCK1"
    Info (12134): Parameter "init_file" = "Program.mif"
    Info (12134): Parameter "init_file_layout" = "PORT_A"
    Info (12134): Parameter "maximum_depth" = "0"
    Info (12134): Parameter "numwords_a" = "2048"
    Info (12134): Parameter "numwords_b" = "0"
    Info (12134): Parameter "operation_mode" = "ROM"
    Info (12134): Parameter "outdata_aclr_a" = "NONE"
    Info (12134): Parameter "outdata_aclr_b" = "NONE"
    Info (12134): Parameter "outdata_reg_a" = "UNREGISTERED"
    Info (12134): Parameter "outdata_reg_b" = "UNREGISTERED"
    Info (12134): Parameter "power_up_uninitialized" = "FALSE"
    Info (12134): Parameter "ram_block_type" = "AUTO"
    Info (12134): Parameter "rdcontrol_aclr_b" = "NONE"
    Info (12134): Parameter "rdcontrol_reg_b" = "CLOCK1"
    Info (12134): Parameter "read_during_write_mode_mixed_ports" = "DONT_CARE"
    Info (12134): Parameter "read_during_write_mode_port_a" = "NEW_DATA_NO_NBE_READ"
    Info (12134): Parameter "read_during_write_mode_port_b" = "NEW_DATA_NO_NBE_READ"
    Info (12134): Parameter "stratixiv_m144k_allow_dual_clocks" = "ON"
    Info (12134): Parameter "width_a" = "14"
    Info (12134): Parameter "width_b" = "1"
    Info (12134): Parameter "width_byteena_a" = "1"
    Info (12134): Parameter "width_byteena_b" = "1"
    Info (12134): Parameter "width_eccstatus" = "3"
    Info (12134): Parameter "widthad_a" = "11"
    Info (12134): Parameter "widthad_b" = "1"
    Info (12134): Parameter "wrcontrol_aclr_a" = "UNUSED"
    Info (12134): Parameter "wrcontrol_aclr_b" = "NONE"
    Info (12134): Parameter "wrcontrol_wraddress_reg_b" = "CLOCK1"
    Info (12134): Parameter "lpm_hint" = "ENABLE_RUNTIME_MOD=NO"
    Info (12134): Parameter "lpm_type" = "altsyncram"
Info (12021): Found 1 design units, including 1 entities, in source file db/altsyncram_85s3.tdf
    Info (12023): Found entity 1: altsyncram_85s3 File: C:/e5-tp2/EV - 20/db/altsyncram_85s3.tdf Line: 28
Info (12128): Elaborating entity "altsyncram_85s3" for hierarchy "Program:inst|altsyncram:altsyncram_component|altsyncram_85s3:auto_generated" File: c:/intelfpga_lite/19.1/quartus/libraries/megafunctions/altsyncram.tdf Line: 792
Info (13014): Ignored 15 buffer(s)
    Info (13015): Ignored 15 CARRY buffer(s)
Info (286030): Timing-Driven Synthesis is running
Info (16010): Generating hard_block partition "hard_block:auto_generated_inst"
    Info (16011): Adding 0 node(s), including 0 DDIO, 0 PLL, 0 transceiver and 0 LCELL
Info (21057): Implemented 69 device resources after synthesis - the final resource count might be different
    Info (21058): Implemented 13 input pins
    Info (21059): Implemented 25 output pins
    Info (21061): Implemented 17 logic cells
    Info (21064): Implemented 14 RAM segments
Info: Quartus Prime Analysis & Synthesis was successful. 0 errors, 1 warning
    Info: Peak virtual memory: 4791 megabytes
    Info: Processing ended: Tue May 26 19:31:27 2020
    Info: Elapsed time: 00:00:14
    Info: Total CPU time (on all processors): 00:00:28


